File created (/home/mdi/Documents/Obsidian Vault//6-7-26.md)
Starting sync:
  Vault: milians vault (d31abffc0fa4b512253e3c061332dd9e)
  Location: /home/mdi/Documents/Obsidian Vault
  Sync mode: bidirectional
  Conflict strategy: merge
  Device name: mdiserver (Linux)
  Config directory: .obsidian
  File types: image, audio, pdf, video
  Configs: none (config syncing disabled)
Connecting...
Connection successful. Detecting changes...
Push: Diya's Magic Mirror.md (updated)
Downloading Diya's Magic Mirror.md
Push: Neovim Problems.md (updated)
Push: Minecraft Server.md (updated)
Push: 6-6-26.md (updated)
Downloaded Diya's Magic Mirror.md
Accepted Diya's Magic Mirror.md
Downloading Neovim Problems.md
Downloaded Neovim Problems.md
Accepted Neovim Problems.md
Downloading Minecraft Server.md
Downloaded Minecraft Server.md
Accepted Minecraft Server.md
Downloading 6-6-26.md
Downloaded 6-6-26.md
Accepted 6-6-26.md
New file 6-7-26.md
Uploading file 6-7-26.md
Upload complete 6-7-26.md
Fully synced
Disconnected from server
File created (/home/mdi/Documents/Obsidian Vault//6-8-26.md)
Starting sync:
  Vault: milians vault (d31abffc0fa4b512253e3c061332dd9e)
  Location: /home/mdi/Documents/Obsidian Vault
  Sync mode: bidirectional
  Conflict strategy: merge
  Device name: mdiserver (Linux)
  Config directory: .obsidian
  File types: image, audio, pdf, video
  Configs: none (config syncing disabled)
Connecting...
Connection successful. Detecting changes...
Push: 6-6-26.md (updated)
Downloading 6-6-26.md
Push: 6-7-26.md (updated)
Push: Diya's Magic Mirror.md (updated)
Downloaded 6-6-26.md
Accepted 6-6-26.md
Downloading 6-7-26.md
Downloaded 6-7-26.md
Accepted 6-7-26.md
Downloading Diya's Magic Mirror.md
Downloaded Diya's Magic Mirror.md
Accepted Diya's Magic Mirror.md
New file 6-8-26.md
Uploading file 6-8-26.md
Upload complete 6-8-26.md
Fully synced
Disconnected from server
File created (/home/mdi/Documents/Obsidian Vault//6-9-26.md)
Starting sync:
  Vault: milians vault (d31abffc0fa4b512253e3c061332dd9e)
  Location: /home/mdi/Documents/Obsidian Vault
  Sync mode: bidirectional
  Conflict strategy: merge
  Device name: mdiserver (Linux)
  Config directory: .obsidian
  File types: image, audio, pdf, video
  Configs: none (config syncing disabled)
Connecting...
Connection successful. Detecting changes...
Push: 6-8-26.md (updated)
Downloading 6-8-26.md
Downloaded 6-8-26.md
Accepted 6-8-26.md
New file 6-9-26.md
Uploading file 6-9-26.md
Upload complete 6-9-26.md
Fully synced
Disconnected from server
File created (/home/mdi/Documents/Obsidian Vault//6-10-26.md)
Starting sync:
  Vault: milians vault (d31abffc0fa4b512253e3c061332dd9e)
  Location: /home/mdi/Documents/Obsidian Vault
  Sync mode: bidirectional
  Conflict strategy: merge
  Device name: mdiserver (Linux)
  Config directory: .obsidian
  File types: image, audio, pdf, video
  Configs: none (config syncing disabled)
Connecting...
Connection successful. Detecting changes...
Push: HUD Website.md (updated)
Downloading HUD Website.md
Downloaded HUD Website.md
Accepted HUD Website.md
New file 6-10-26.md
Uploading file 6-10-26.md
Upload complete 6-10-26.md
Fully synced
Disconnected from server
File created (/home/mdi/Documents/Obsidian Vault//6-11-26.md)
Starting sync:
  Vault: milians vault (d31abffc0fa4b512253e3c061332dd9e)
  Location: /home/mdi/Documents/Obsidian Vault
  Sync mode: bidirectional
  Conflict strategy: merge
  Device name: mdiserver (Linux)
  Config directory: .obsidian
  File types: image, audio, pdf, video
  Configs: none (config syncing disabled)
Connecting...
Connection successful. Detecting changes...
Push: 6-9-26.md (updated)
Downloading 6-9-26.md
Push: Project Ideas.md (updated)
Push: Apartment Hunter.md (updated)
Push: 6-10-26.md (updated)
Push: Media List.md (updated)
Push: Teach You a Lesson.md (updated)
Downloaded 6-9-26.md
Accepted 6-9-26.md
Downloading Project Ideas.md
Downloaded Project Ideas.md
Accepted Project Ideas.md
Downloading Apartment Hunter.md
Downloaded Apartment Hunter.md
Accepted Apartment Hunter.md
Downloading 6-10-26.md
Downloaded 6-10-26.md
Accepted 6-10-26.md
Downloading Media List.md
Downloaded Media List.md
Accepted Media List.md
Downloading Teach You a Lesson.md
Downloaded Teach You a Lesson.md
Accepted Teach You a Lesson.md
New file 6-11-26.md
Uploading file 6-11-26.md
Upload complete 6-11-26.md
Fully synced
Disconnected from server
File created (/home/mdi/Documents/Obsidian Vault//6-12-26.md)
Starting sync:
  Vault: milians vault (d31abffc0fa4b512253e3c061332dd9e)
  Location: /home/mdi/Documents/Obsidian Vault
  Sync mode: bidirectional
  Conflict strategy: merge
  Device name: mdiserver (Linux)
  Config directory: .obsidian
  File types: image, audio, pdf, video
  Configs: none (config syncing disabled)
Connecting...
Connection successful. Detecting changes...
Push: Teach You a Lesson.md (updated)
Downloading Teach You a Lesson.md
Push: 6-10-26.md (updated)
Push: Daily Format.md (updated)
Push: Current Media.md (updated)
Push: morning routine.md (updated)
Push: Apartment Hunter.md (updated)
Push: 6-11-26.md (updated)
Downloaded Teach You a Lesson.md
Accepted Teach You a Lesson.md
Downloading 6-10-26.md
Downloaded 6-10-26.md
Accepted 6-10-26.md
Downloading Daily Format.md
Downloaded Daily Format.md
Accepted Daily Format.md
Downloading Current Media.md
Downloaded Current Media.md
Accepted Current Media.md
Downloading morning routine.md
Downloaded morning routine.md
Accepted morning routine.md
Downloading Apartment Hunter.md
Downloaded Apartment Hunter.md
Accepted Apartment Hunter.md
Downloading 6-11-26.md
Downloaded 6-11-26.md
Accepted 6-11-26.md
New file 6-12-26.md
Uploading file 6-12-26.md
Upload complete 6-12-26.md
Fully synced
Disconnected from server
File created (/home/mdi/Documents/Obsidian Vault//6-13-26.md)
Starting sync:
  Vault: milians vault (d31abffc0fa4b512253e3c061332dd9e)
  Location: /home/mdi/Documents/Obsidian Vault
  Sync mode: bidirectional
  Conflict strategy: merge
  Device name: mdiserver (Linux)
  Config directory: .obsidian
  File types: image, audio, pdf, video
  Configs: none (config syncing disabled)
Connecting...
Connection successful. Detecting changes...
Push: 6-12-26.md (updated)
Downloading 6-12-26.md
Push: Apartment Hunter.md (updated)
Push: Workout A.md (updated)
Push: Fitness.md (updated)
Downloaded 6-12-26.md
Accepted 6-12-26.md
Downloading Apartment Hunter.md
Downloaded Apartment Hunter.md
Accepted Apartment Hunter.md
Downloading Workout A.md
Downloaded Workout A.md
Accepted Workout A.md
Downloading Fitness.md
Downloaded Fitness.md
Accepted Fitness.md
New file 6-13-26.md
Uploading file 6-13-26.md
Upload complete 6-13-26.md
Fully synced
Disconnected from server
File created (/home/mdi/Documents/Obsidian Vault//6-14-26.md)
Starting sync:
  Vault: milians vault (d31abffc0fa4b512253e3c061332dd9e)
  Location: /home/mdi/Documents/Obsidian Vault
  Sync mode: bidirectional
  Conflict strategy: merge
  Device name: mdiserver (Linux)
  Config directory: .obsidian
  File types: image, audio, pdf, video
  Configs: none (config syncing disabled)
Connecting...
Connection successful. Detecting changes...
Push: Apartment Hunter.md (updated)
Downloading Apartment Hunter.md
Push: 6-12-26.md (updated)
Push: 6-13-26.md (updated)
Downloaded Apartment Hunter.md
Accepted Apartment Hunter.md
Downloading 6-12-26.md
Downloaded 6-12-26.md
Accepted 6-12-26.md
Downloading 6-13-26.md
Downloaded 6-13-26.md
Accepted 6-13-26.md
New file 6-14-26.md
Uploading file 6-14-26.md
Upload complete 6-14-26.md
Fully synced
Disconnected from server
File created (/home/mdi/Documents/Obsidian Vault//6-15-26.md)
Starting sync:
  Vault: milians vault (d31abffc0fa4b512253e3c061332dd9e)
  Location: /home/mdi/Documents/Obsidian Vault
  Sync mode: bidirectional
  Conflict strategy: merge
  Device name: mdiserver (Linux)
  Config directory: .obsidian
  File types: image, audio, pdf, video
  Configs: none (config syncing disabled)
Connecting...
Connection successful. Detecting changes...
Push: Apartment Hunter.md (updated)
Downloading Apartment Hunter.md
Push: Untitled 12.md (deleted)
Push: Daily Format.md (updated)
Push: Nightly Routine.md (updated)
Push: 6-14-26.md (updated)
Downloaded Apartment Hunter.md
Accepted Apartment Hunter.md
Downloading Daily Format.md
Downloaded Daily Format.md
Accepted Daily Format.md
Downloading Nightly Routine.md
Downloaded Nightly Routine.md
Accepted Nightly Routine.md
Downloading 6-14-26.md
Downloaded 6-14-26.md
Accepted 6-14-26.md
New file 6-15-26.md
Uploading file 6-15-26.md
Upload complete 6-15-26.md
Fully synced
Disconnected from server
File created (/home/mdi/Documents/Obsidian Vault//6-16-26.md)
Starting sync:
  Vault: milians vault (d31abffc0fa4b512253e3c061332dd9e)
  Location: /home/mdi/Documents/Obsidian Vault
  Sync mode: bidirectional
  Conflict strategy: merge
  Device name: mdiserver (Linux)
  Config directory: .obsidian
  File types: image, audio, pdf, video
  Configs: none (config syncing disabled)
Connecting...
Connection successful. Detecting changes...
Push: Workout B.md (updated)
Downloading Workout B.md
Push: Project Ideas.md (updated)
Push: 6-14-26.md (updated)
Push: Unrestrained Desktop.md (updated)
Push: 6-15-26.md (updated)
Push: Fitness.md (updated)
Downloaded Workout B.md
Accepted Workout B.md
Downloading Project Ideas.md
Downloaded Project Ideas.md
Accepted Project Ideas.md
Downloading 6-14-26.md
Downloaded 6-14-26.md
Accepted 6-14-26.md
Downloading Unrestrained Desktop.md
Downloaded Unrestrained Desktop.md
Accepted Unrestrained Desktop.md
Downloading 6-15-26.md
Downloaded 6-15-26.md
Accepted 6-15-26.md
Downloading Fitness.md
Downloaded Fitness.md
Accepted Fitness.md
New file 6-16-26.md
Uploading file 6-16-26.md
Upload complete 6-16-26.md
Fully synced
Disconnected from server
File created (/home/mdi/Documents/Obsidian Vault//6-17-26.md)
Starting sync:
  Vault: milians vault (d31abffc0fa4b512253e3c061332dd9e)
  Location: /home/mdi/Documents/Obsidian Vault
  Sync mode: bidirectional
  Conflict strategy: merge
  Device name: mdiserver (Linux)
  Config directory: .obsidian
  File types: image, audio, pdf, video
  Configs: none (config syncing disabled)
Connecting...
Connection successful. Detecting changes...
Push: Unrestrained Desktop.md (updated)
Downloading Unrestrained Desktop.md
Push: 6-15-26.md (updated)
Push: morning routine.md (updated)
Push: Project Ideas.md (updated)
Push: Fitness.md (updated)
Push: Workout A.md (updated)
Push: Apartment Hunter.md (updated)
Push: 6-16-26.md (updated)
Downloaded Unrestrained Desktop.md
Accepted Unrestrained Desktop.md
Downloading 6-15-26.md
Downloaded 6-15-26.md
Accepted 6-15-26.md
Downloading morning routine.md
Downloaded morning routine.md
Accepted morning routine.md
Downloading Project Ideas.md
Downloaded Project Ideas.md
Accepted Project Ideas.md
Downloading Fitness.md
Downloaded Fitness.md
Accepted Fitness.md
Downloading Workout A.md
Downloaded Workout A.md
Accepted Workout A.md
Downloading Apartment Hunter.md
Downloaded Apartment Hunter.md
Accepted Apartment Hunter.md
Downloading 6-16-26.md
Downloaded 6-16-26.md
Accepted 6-16-26.md
New file 6-17-26.md
Uploading file 6-17-26.md
Upload complete 6-17-26.md
Fully synced
Disconnected from server
File created (/home/mdi/Documents/Obsidian Vault//6-18-26.md)
Starting sync:
  Vault: milians vault (d31abffc0fa4b512253e3c061332dd9e)
  Location: /home/mdi/Documents/Obsidian Vault
  Sync mode: bidirectional
  Conflict strategy: merge
  Device name: mdiserver (Linux)
  Config directory: .obsidian
  File types: image, audio, pdf, video
  Configs: none (config syncing disabled)
Connecting...
Connection successful. Detecting changes...
Push: morning routine.md (updated)
Downloading morning routine.md
Push: Fitness.md (updated)
Push: 6-17-26.md (updated)
Push: Apartment Hunter.md (updated)
Downloaded morning routine.md
Accepted morning routine.md
Downloading Fitness.md
Downloaded Fitness.md
Accepted Fitness.md
Downloading 6-17-26.md
Downloaded 6-17-26.md
Accepted 6-17-26.md
Downloading Apartment Hunter.md
Downloaded Apartment Hunter.md
Accepted Apartment Hunter.md
New file 6-18-26.md
Uploading file 6-18-26.md
Upload complete 6-18-26.md
Fully synced
Disconnected from server
File created (/home/mdi/Documents/Obsidian Vault//6-19-26.md)
Starting sync:
  Vault: milians vault (d31abffc0fa4b512253e3c061332dd9e)
  Location: /home/mdi/Documents/Obsidian Vault
  Sync mode: bidirectional
  Conflict strategy: merge
  Device name: mdiserver (Linux)
  Config directory: .obsidian
  File types: image, audio, pdf, video
  Configs: none (config syncing disabled)
Connecting...
Connection successful. Detecting changes...
Push: 6-17-26.md (updated)
Downloading 6-17-26.md
Push: Apartment Hunter.md (updated)
Push: 6-18-26.md (updated)
Downloaded 6-17-26.md
Accepted 6-17-26.md
Downloading Apartment Hunter.md
Downloaded Apartment Hunter.md
Accepted Apartment Hunter.md
Downloading 6-18-26.md
Downloaded 6-18-26.md
Accepted 6-18-26.md
New file 6-19-26.md
Uploading file 6-19-26.md
Upload complete 6-19-26.md
Fully synced
Disconnected from server
File created (/home/mdi/Documents/Obsidian Vault//6-20-26.md)
Starting sync:
  Vault: milians vault (d31abffc0fa4b512253e3c061332dd9e)
  Location: /home/mdi/Documents/Obsidian Vault
  Sync mode: bidirectional
  Conflict strategy: merge
  Device name: mdiserver (Linux)
  Config directory: .obsidian
  File types: image, audio, pdf, video
  Configs: none (config syncing disabled)
Connecting...
Connection successful. Detecting changes...
Push: morning routine.md (updated)
Downloading morning routine.md
Push: Apartment Hunter.md (updated)
Push: 6-19-26.md (updated)
Push: Neovim Problems.md (updated)
Downloaded morning routine.md
Accepted morning routine.md
Downloading Apartment Hunter.md
Downloaded Apartment Hunter.md
Accepted Apartment Hunter.md
Downloading 6-19-26.md
Downloaded 6-19-26.md
Accepted 6-19-26.md
Downloading Neovim Problems.md
Downloaded Neovim Problems.md
Accepted Neovim Problems.md
New file 6-20-26.md
Uploading file 6-20-26.md
Upload complete 6-20-26.md
Fully synced
Disconnected from server
File created (/home/mdi/Documents/Obsidian Vault//6-21-26.md)
Starting sync:
  Vault: milians vault (d31abffc0fa4b512253e3c061332dd9e)
  Location: /home/mdi/Documents/Obsidian Vault
  Sync mode: bidirectional
  Conflict strategy: merge
  Device name: mdiserver (Linux)
  Config directory: .obsidian
  File types: image, audio, pdf, video
  Configs: none (config syncing disabled)
Connecting...
Connection successful. Detecting changes...
Push: 6-19-26.md (updated)
Downloading 6-19-26.md
Push: Apartment Hunter.md (updated)
Push: 6-20-26.md (updated)
Push: PokeScanner Improved.md (updated)
Push: Project Ideas.md (updated)
Downloaded 6-19-26.md
Accepted 6-19-26.md
Downloading Apartment Hunter.md
Downloaded Apartment Hunter.md
Accepted Apartment Hunter.md
Downloading 6-20-26.md
Downloaded 6-20-26.md
Accepted 6-20-26.md
Downloading PokeScanner Improved.md
Downloaded PokeScanner Improved.md
Accepted PokeScanner Improved.md
Downloading Project Ideas.md
Downloaded Project Ideas.md
Accepted Project Ideas.md
New file 6-21-26.md
Uploading file 6-21-26.md
Upload complete 6-21-26.md
Fully synced
Disconnected from server
File created (/home/mdi/Documents/Obsidian Vault//6-22-26.md)
Starting sync:
  Vault: milians vault (d31abffc0fa4b512253e3c061332dd9e)
  Location: /home/mdi/Documents/Obsidian Vault
  Sync mode: bidirectional
  Conflict strategy: merge
  Device name: mdiserver (Linux)
  Config directory: .obsidian
  File types: image, audio, pdf, video
  Configs: none (config syncing disabled)
Connecting...
Connection successful. Detecting changes...
Push: Apartment Hunter.md (updated)
Downloading Apartment Hunter.md
Push: 6-20-26.md (updated)
Push: 6-21-26.md (updated)
Push: Project Ideas.md (updated)
Push: Linux Problems.md (updated)
Downloaded Apartment Hunter.md
Accepted Apartment Hunter.md
Downloading 6-20-26.md
Downloaded 6-20-26.md
Accepted 6-20-26.md
Downloading 6-21-26.md
Downloaded 6-21-26.md
Accepted 6-21-26.md
Downloading Project Ideas.md
Downloaded Project Ideas.md
Accepted Project Ideas.md
Downloading Linux Problems.md
Downloaded Linux Problems.md
Accepted Linux Problems.md
New file 6-22-26.md
Uploading file 6-22-26.md
Upload complete 6-22-26.md
Fully synced
Disconnected from server
File created (/home/mdi/Documents/Obsidian Vault//6-23-26.md)
Starting sync:
  Vault: milians vault (d31abffc0fa4b512253e3c061332dd9e)
  Location: /home/mdi/Documents/Obsidian Vault
  Sync mode: bidirectional
  Conflict strategy: merge
  Device name: mdiserver (Linux)
  Config directory: .obsidian
  File types: image, audio, pdf, video
  Configs: none (config syncing disabled)
Connecting...
Connection successful. Detecting changes...
Push: morning routine.md (updated)
Downloading morning routine.md
Push: Fitness.md (updated)
Push: 6-21-26.md (updated)
Push: Workout A.md (updated)
Push: TCNJ.md (updated)
Push: Mia Macejka.md (updated)
Push: 6-22-26.md (updated)
Push: Project Ideas.md (updated)
Push: Facetime TCP cs UDP.md (updated)
Downloaded morning routine.md
Accepted morning routine.md
Downloading Fitness.md
Downloaded Fitness.md
Accepted Fitness.md
Downloading 6-21-26.md
Downloaded 6-21-26.md
Accepted 6-21-26.md
Downloading Workout A.md
Downloaded Workout A.md
Accepted Workout A.md
Downloading TCNJ.md
Downloaded TCNJ.md
Accepted TCNJ.md
Downloading Mia Macejka.md
Downloaded Mia Macejka.md
Accepted Mia Macejka.md
Downloading 6-22-26.md
Downloaded 6-22-26.md
Accepted 6-22-26.md
Downloading Project Ideas.md
Downloaded Project Ideas.md
Accepted Project Ideas.md
Downloading Facetime TCP cs UDP.md
Downloaded Facetime TCP cs UDP.md
Accepted Facetime TCP cs UDP.md
New file 6-23-26.md
Uploading file 6-23-26.md
Upload complete 6-23-26.md
Fully synced
Disconnected from server
File created (/home/mdi/Documents/Obsidian Vault//6-24-26.md)
Starting sync:
  Vault: milians vault (d31abffc0fa4b512253e3c061332dd9e)
  Location: /home/mdi/Documents/Obsidian Vault
  Sync mode: bidirectional
  Conflict strategy: merge
  Device name: mdiserver (Linux)
  Config directory: .obsidian
  File types: image, audio, pdf, video
  Configs: none (config syncing disabled)
Connecting...
Connection successful. Detecting changes...
Push: 6-22-26.md (updated)
Downloading 6-22-26.md
Push: Fitness.md (updated)
Push: Workout B.md (updated)
Push: 6-23-26.md (updated)
Push: Shell Expansion.md (updated)
Downloaded 6-22-26.md
Accepted 6-22-26.md
Downloading Fitness.md
Downloaded Fitness.md
Accepted Fitness.md
Downloading Workout B.md
Downloaded Workout B.md
Accepted Workout B.md
Downloading 6-23-26.md
Downloaded 6-23-26.md
Accepted 6-23-26.md
Downloading Shell Expansion.md
Downloaded Shell Expansion.md
Accepted Shell Expansion.md
New file 6-24-26.md
Uploading file 6-24-26.md
Upload complete 6-24-26.md
Fully synced
Disconnected from server
File created (/home/mdi/Documents/Obsidian Vault//6-25-26.md)
Starting sync:
  Vault: milians vault (d31abffc0fa4b512253e3c061332dd9e)
  Location: /home/mdi/Documents/Obsidian Vault
  Sync mode: bidirectional
  Conflict strategy: merge
  Device name: mdiserver (Linux)
  Config directory: .obsidian
  File types: image, audio, pdf, video
  Configs: none (config syncing disabled)
Connecting...
Connection successful. Detecting changes...
Push: Apartment Hunter (updated)
Downloading Apartment Hunter
Downloaded Apartment Hunter
Accepted Apartment Hunter
Push: Apartment Hunter.md (deleted)
Deleting Apartment Hunter.md
Accepted Apartment Hunter.md
Push: Untitled 1 (deleted)
Push: Records / Tuples /Unions.md (deleted)
Deleting Records / Tuples /Unions.md
Push: Records / Tuples  (deleted)
Push: Records  (deleted)
Push: MISC (deleted)
Push: Apartment Hunter/Apartment Hunter.md (deleted)
Push: Apartment Hunter/Untitled.md (deleted)
Push: Untitled 12.md (updated)
Push: Apartment Hunter/models.py.md (updated)
Push: Apartment Hunter/openroute.py.md (updated)
Push: Apartment Hunter/geoapify.py.md (updated)
Push: Apartment Hunter/geocoding.py.md (updated)
Push: Apartment Hunter/readme.md (updated)
Push: Apartment Hunter/API Structure.md (updated)
Push: 6-19-26.md (updated)
Accepted Records / Tuples /Unions.md
Deleting Records / Tuples 
Push: 6-15-26.md (updated)
Push: 6-14-26.md (updated)
Deleting Records 
Push: 6-17-26.md (updated)
Deleting MISC
Push: 6-16-26.md (updated)
Downloading Untitled 12.md
Push: 6-12-26.md (updated)
Push: Apartment Hunter/Future Features.md (updated)
Push: Apartment Hunter/rentcast.py.md (updated)
Push: Apartment Hunter/main.py.md (updated)
Push: Apartment Hunter/tools.py.md (updated)
Push: Personal Spotify.md (updated)
Push: Youtube Downloader.md (updated)
Push: 6-24-26.md (updated)
Push: Untitled.base (deleted)
Push: Untitled (deleted)
Push: Dailies (updated)
Push: Project Ideas.md (updated)
Push: Hilbert Curve Visualizer.md (updated)
Downloaded Untitled 12.md
Accepted Untitled 12.md
Downloading Apartment Hunter/models.py.md
Downloaded Apartment Hunter/models.py.md
Accepted Apartment Hunter/models.py.md
Downloading Apartment Hunter/openroute.py.md
Downloaded Apartment Hunter/openroute.py.md
Accepted Apartment Hunter/openroute.py.md
Downloading Apartment Hunter/geoapify.py.md
Downloaded Apartment Hunter/geoapify.py.md
Accepted Apartment Hunter/geoapify.py.md
Downloading Apartment Hunter/geocoding.py.md
Downloaded Apartment Hunter/geocoding.py.md
Accepted Apartment Hunter/geocoding.py.md
Downloading Apartment Hunter/readme.md
Downloaded Apartment Hunter/readme.md
Accepted Apartment Hunter/readme.md
Downloading Apartment Hunter/API Structure.md
Downloaded Apartment Hunter/API Structure.md
Accepted Apartment Hunter/API Structure.md
Downloading 6-19-26.md
Downloaded 6-19-26.md
Accepted 6-19-26.md
Downloading 6-15-26.md
Downloaded 6-15-26.md
Accepted 6-15-26.md
Downloading 6-14-26.md
Downloaded 6-14-26.md
Accepted 6-14-26.md
Downloading 6-17-26.md
Downloaded 6-17-26.md
Accepted 6-17-26.md
Downloading 6-16-26.md
Downloaded 6-16-26.md
Accepted 6-16-26.md
Downloading 6-12-26.md
Downloaded 6-12-26.md
Accepted 6-12-26.md
Downloading Apartment Hunter/Future Features.md
Downloaded Apartment Hunter/Future Features.md
Accepted Apartment Hunter/Future Features.md
Downloading Apartment Hunter/rentcast.py.md
Downloaded Apartment Hunter/rentcast.py.md
Accepted Apartment Hunter/rentcast.py.md
Downloading Apartment Hunter/main.py.md
Downloaded Apartment Hunter/main.py.md
Accepted Apartment Hunter/main.py.md
Downloading Apartment Hunter/tools.py.md
Downloaded Apartment Hunter/tools.py.md
Accepted Apartment Hunter/tools.py.md
Downloading Personal Spotify.md
Downloaded Personal Spotify.md
Accepted Personal Spotify.md
Downloading Youtube Downloader.md
Downloaded Youtube Downloader.md
Accepted Youtube Downloader.md
Downloading 6-24-26.md
Downloaded 6-24-26.md
Accepted 6-24-26.md
Deleting Untitled.base
Accepted Untitled.base
Deleting Untitled
Downloading Dailies
Downloaded Dailies
Accepted Dailies
Downloading Project Ideas.md
Downloaded Project Ideas.md
Accepted Project Ideas.md
Downloading Hilbert Curve Visualizer.md
Downloaded Hilbert Curve Visualizer.md
Accepted Hilbert Curve Visualizer.md
New file 6-25-26.md
Uploading file 6-25-26.md
Upload complete 6-25-26.md
Fully synced
Disconnected from server
File created (/home/mdi/Documents/Obsidian Vault//6-26-26.md)
Starting sync:
  Vault: milians vault (d31abffc0fa4b512253e3c061332dd9e)
  Location: /home/mdi/Documents/Obsidian Vault
  Sync mode: bidirectional
  Conflict strategy: merge
  Device name: mdiserver (Linux)
  Config directory: .obsidian
  File types: image, audio, pdf, video
  Configs: none (config syncing disabled)
Connecting...
Connection successful. Detecting changes...
Push: Project Ideas.md (updated)
Downloading Project Ideas.md
Push: Phone Notifier.md (updated)
Push: 6-22-26.md (updated)
Push: Fitness.md (updated)
Push: Apartment Hunter/main.py.md (updated)
Push: 6-25-26.md (updated)
Push: Magic Mirror Drawer.md (updated)
Push: Diya's Magic Mirror.md (updated)
Push: Workout A.md (updated)
Push: Magic Mirror App.md (updated)
Downloaded Project Ideas.md
Accepted Project Ideas.md
Downloading Phone Notifier.md
Downloaded Phone Notifier.md
Accepted Phone Notifier.md
Downloading 6-22-26.md
Downloaded 6-22-26.md
Accepted 6-22-26.md
Downloading Fitness.md
Downloaded Fitness.md
Accepted Fitness.md
Downloading Apartment Hunter/main.py.md
Downloaded Apartment Hunter/main.py.md
Accepted Apartment Hunter/main.py.md
Downloading 6-25-26.md
Downloaded 6-25-26.md
Accepted 6-25-26.md
Downloading Magic Mirror Drawer.md
Downloaded Magic Mirror Drawer.md
Accepted Magic Mirror Drawer.md
Downloading Diya's Magic Mirror.md
Downloaded Diya's Magic Mirror.md
Accepted Diya's Magic Mirror.md
Downloading Workout A.md
Downloaded Workout A.md
Accepted Workout A.md
Downloading Magic Mirror App.md
Downloaded Magic Mirror App.md
Accepted Magic Mirror App.md
New file 6-26-26.md
Uploading file 6-26-26.md
Upload complete 6-26-26.md
Fully synced
Disconnected from server
File created (/home/mdi/Documents/Obsidian Vault//6-27-26.md)
Starting sync:
  Vault: milians vault (d31abffc0fa4b512253e3c061332dd9e)
  Location: /home/mdi/Documents/Obsidian Vault
  Sync mode: bidirectional
  Conflict strategy: merge
  Device name: mdiserver (Linux)
  Config directory: .obsidian
  File types: image, audio, pdf, video
  Configs: none (config syncing disabled)
Connecting...
Connection successful. Detecting changes...
Push: Flutter Notes.md (updated)
Downloading Flutter Notes.md
Push: 6-26-26.md (updated)
Push: Fitness.md (updated)
Push: Magic Mirror Drawer.md (updated)
Push: Magic Mirror App.md (updated)
Push: Workout B.md (updated)
Downloaded Flutter Notes.md
Accepted Flutter Notes.md
Downloading 6-26-26.md
Downloaded 6-26-26.md
Accepted 6-26-26.md
Downloading Fitness.md
Downloaded Fitness.md
Accepted Fitness.md
Downloading Magic Mirror Drawer.md
Downloaded Magic Mirror Drawer.md
Accepted Magic Mirror Drawer.md
Downloading Magic Mirror App.md
Downloaded Magic Mirror App.md
Accepted Magic Mirror App.md
Downloading Workout B.md
Downloaded Workout B.md
Accepted Workout B.md
New file 6-27-26.md
Uploading file 6-27-26.md
Upload complete 6-27-26.md
Fully synced
Disconnected from server
File created (/home/mdi/Documents/Obsidian Vault//6-28-26.md)
Starting sync:
  Vault: milians vault (d31abffc0fa4b512253e3c061332dd9e)
  Location: /home/mdi/Documents/Obsidian Vault
  Sync mode: bidirectional
  Conflict strategy: merge
  Device name: mdiserver (Linux)
  Config directory: .obsidian
  File types: image, audio, pdf, video
  Configs: none (config syncing disabled)
Connecting...
Connection successful. Detecting changes...
Push: 6-26-26.md (updated)
Downloading 6-26-26.md
Push: 6-27-26.md (updated)
Push: Apartment Hunter/main.py.md (updated)
Push: Flutter Notes.md (updated)
Downloaded 6-26-26.md
Accepted 6-26-26.md
Downloading 6-27-26.md
Downloaded 6-27-26.md
Accepted 6-27-26.md
Downloading Apartment Hunter/main.py.md
Downloaded Apartment Hunter/main.py.md
Accepted Apartment Hunter/main.py.md
Downloading Flutter Notes.md
Downloaded Flutter Notes.md
Accepted Flutter Notes.md
New file 6-28-26.md
Uploading file 6-28-26.md
Upload complete 6-28-26.md
Fully synced
Disconnected from server
File created (/home/mdi/Documents/Obsidian Vault//6-29-26.md)
Starting sync:
  Vault: milians vault (d31abffc0fa4b512253e3c061332dd9e)
  Location: /home/mdi/Documents/Obsidian Vault
  Sync mode: bidirectional
  Conflict strategy: merge
  Device name: mdiserver (Linux)
  Config directory: .obsidian
  File types: image, audio, pdf, video
  Configs: none (config syncing disabled)
Connecting...
Connection successful. Detecting changes...
New file 6-29-26.md
Uploading file 6-29-26.md
Upload complete 6-29-26.md
Fully synced
Disconnected from server
File created (/home/mdi/Documents/Obsidian Vault//6-30-26.md)
Starting sync:
  Vault: milians vault (d31abffc0fa4b512253e3c061332dd9e)
  Location: /home/mdi/Documents/Obsidian Vault
  Sync mode: bidirectional
  Conflict strategy: merge
  Device name: mdiserver (Linux)
  Config directory: .obsidian
  File types: image, audio, pdf, video
  Configs: none (config syncing disabled)
Connecting...
Connection successful. Detecting changes...
Push: .obsidian/graph.json (updated)
Push: Nightly Routine.md (updated)
Downloading Nightly Routine.md
Push: Project Ideas.md (updated)
Push: Magic Mirror App.md (updated)
Downloaded Nightly Routine.md
Accepted Nightly Routine.md
Downloading Project Ideas.md
Downloaded Project Ideas.md
Accepted Project Ideas.md
Downloading Magic Mirror App.md
Downloaded Magic Mirror App.md
Accepted Magic Mirror App.md
New file 6-30-26.md
Uploading file 6-30-26.md
Upload complete 6-30-26.md
Fully synced
Disconnected from server
File created (/home/mdi/Documents/Obsidian Vault//7-1-26.md)
Starting sync:
  Vault: milians vault (d31abffc0fa4b512253e3c061332dd9e)
  Location: /home/mdi/Documents/Obsidian Vault
  Sync mode: bidirectional
  Conflict strategy: merge
  Device name: mdiserver (Linux)
  Config directory: .obsidian
  File types: image, audio, pdf, video
  Configs: none (config syncing disabled)
Connecting...
Connection successful. Detecting changes...
Push: 6-29-26.md (updated)
Downloading 6-29-26.md
Push: Apartment Hunter/main.py.md (updated)
Push: Untitled (deleted)
Push: Magic Mirror (updated)
Push: Magic Mirror Drawer.md (deleted)
Push: Magic Mirror App.md (deleted)
Push: Diya's Magic Mirror.md (deleted)
Push: Magic Mirror/Magic Mirror Drawer.md (deleted)
Push: Magic Mirror/Magic Mirror App.md (deleted)
Push: Diya.md (updated)
Push: MMHTTP Server.md (deleted)
Push: Magic Mirror/MM App.md (deleted)
Push: 6-26-26.md (updated)
Push: Magic Mirror/MMApp.md (updated)
Push: Magic Mirror/Diya's Magic Mirror.md (updated)
Push: Project Ideas.md (updated)
Push: Magic Mirror/MMHTTP Server.md (updated)
Push: Magic Mirror/MMDrawer.md (updated)
Downloaded 6-29-26.md
Accepted 6-29-26.md
Downloading Apartment Hunter/main.py.md
Downloaded Apartment Hunter/main.py.md
Accepted Apartment Hunter/main.py.md
Downloading Magic Mirror
Downloaded Magic Mirror
Accepted Magic Mirror
Deleting Magic Mirror Drawer.md
Accepted Magic Mirror Drawer.md
Deleting Magic Mirror App.md
Accepted Magic Mirror App.md
Deleting Diya's Magic Mirror.md
Accepted Diya's Magic Mirror.md
Downloading Diya.md
Downloaded Diya.md
Accepted Diya.md
Downloading 6-26-26.md
Downloaded 6-26-26.md
Accepted 6-26-26.md
Downloading Magic Mirror/MMApp.md
Downloaded Magic Mirror/MMApp.md
Accepted Magic Mirror/MMApp.md
Downloading Magic Mirror/Diya's Magic Mirror.md
Downloaded Magic Mirror/Diya's Magic Mirror.md
Accepted Magic Mirror/Diya's Magic Mirror.md
Downloading Project Ideas.md
Downloaded Project Ideas.md
Accepted Project Ideas.md
Downloading Magic Mirror/MMHTTP Server.md
Downloaded Magic Mirror/MMHTTP Server.md
Accepted Magic Mirror/MMHTTP Server.md
Downloading Magic Mirror/MMDrawer.md
Downloaded Magic Mirror/MMDrawer.md
Accepted Magic Mirror/MMDrawer.md
New file 7-1-26.md
Uploading file 7-1-26.md
Upload complete 7-1-26.md
Fully synced
Disconnected from server
File created (/home/mdi/Documents/Obsidian Vault//7-2-26.md)
Starting sync:
  Vault: milians vault (d31abffc0fa4b512253e3c061332dd9e)
  Location: /home/mdi/Documents/Obsidian Vault
  Sync mode: bidirectional
  Conflict strategy: merge
  Device name: mdiserver (Linux)
  Config directory: .obsidian
  File types: image, audio, pdf, video
  Configs: none (config syncing disabled)
Connecting...
Connection successful. Detecting changes...
Push: 7-1-26.md (updated)
Downloading 7-1-26.md
Downloaded 7-1-26.md
Accepted 7-1-26.md
New file 7-2-26.md
Uploading file 7-2-26.md
Upload complete 7-2-26.md
Fully synced
Disconnected from server
File created (/home/mdi/Documents/Obsidian Vault//7-3-26.md)
Starting sync:
  Vault: milians vault (d31abffc0fa4b512253e3c061332dd9e)
  Location: /home/mdi/Documents/Obsidian Vault
  Sync mode: bidirectional
  Conflict strategy: merge
  Device name: mdiserver (Linux)
  Config directory: .obsidian
  File types: image, audio, pdf, video
  Configs: none (config syncing disabled)
Connecting...
Connection successful. Detecting changes...
Push: 7-1-26.md (updated)
Downloading 7-1-26.md
Push: Apartment Hunter/main.py.md (updated)
Push: 7-2-26.md (updated)
Downloaded 7-1-26.md
Accepted 7-1-26.md
Downloading Apartment Hunter/main.py.md
Downloaded Apartment Hunter/main.py.md
Accepted Apartment Hunter/main.py.md
Downloading 7-2-26.md
Downloaded 7-2-26.md
Accepted 7-2-26.md
New file 7-3-26.md
Uploading file 7-3-26.md
Upload complete 7-3-26.md
Fully synced
Disconnected from server
File created (/home/mdi/Documents/Obsidian Vault/Dailies/7-4-26.md)
Starting sync:
  Vault: milians vault (d31abffc0fa4b512253e3c061332dd9e)
  Location: /home/mdi/Documents/Obsidian Vault
  Sync mode: bidirectional
  Conflict strategy: merge
  Device name: mdiserver (Linux)
  Config directory: .obsidian
  File types: image, audio, pdf, video
  Configs: none (config syncing disabled)
Connecting...
File created (/home/mdi/Documents/Obsidian Vault/Dailies/7-6-26.md)
Starting sync:
  Vault: milians vault (d31abffc0fa4b512253e3c061332dd9e)
  Location: /home/mdi/Documents/Obsidian Vault
  Sync mode: bidirectional
  Conflict strategy: merge
  Device name: mdiserver (Linux)
  Config directory: .obsidian
  File types: image, audio, pdf, video
  Configs: none (config syncing disabled)
Connecting...
Connection successful. Detecting changes...
Push: Dailies/7-4-26.md (deleted)
Checking Dailies/7-4-26.md
Push: Lists/Untitled.md (deleted)
Push: Cyberpunk 2077.md (updated)
Push: Lists/Media List.md (updated)
Push: Lists/Choose a Hobby.md (updated)
Push: Tagalog Curriculum.md (updated)
Push: Nightly Routine.md (updated)
Push: morning routine.md (updated)
Push: .obsidian/app.json (updated)
Rejected server change Dailies/7-4-26.md
Downloading Cyberpunk 2077.md
Push: .obsidian/appearance.json (updated)
Push: Most Common Tagalog Words.md (updated)
Push: Untitled.md (deleted)
Push: Good things that happened.md (deleted)
Push: Lists/Good things that happened.md (updated)
Push: Dailies/7-3-26.md (updated)
Downloaded Cyberpunk 2077.md
Accepted Cyberpunk 2077.md
Downloading Lists/Media List.md
Downloaded Lists/Media List.md
Accepted Lists/Media List.md
Downloading Lists/Choose a Hobby.md
Downloaded Lists/Choose a Hobby.md
Accepted Lists/Choose a Hobby.md
Downloading Tagalog Curriculum.md
Downloaded Tagalog Curriculum.md
Accepted Tagalog Curriculum.md
Downloading Nightly Routine.md
Downloaded Nightly Routine.md
Accepted Nightly Routine.md
Downloading morning routine.md
Downloaded morning routine.md
Accepted morning routine.md
Downloading Most Common Tagalog Words.md
Downloaded Most Common Tagalog Words.md
Accepted Most Common Tagalog Words.md
Downloading Lists/Good things that happened.md
Downloaded Lists/Good things that happened.md
Accepted Lists/Good things that happened.md
Downloading Dailies/7-3-26.md
Downloaded Dailies/7-3-26.md
Accepted Dailies/7-3-26.md
New file Dailies/7-6-26.md
Uploading file Dailies/7-6-26.md
Upload complete Dailies/7-6-26.md
New file Dailies/7-4-26.md
Uploading file Dailies/7-4-26.md
Upload complete Dailies/7-4-26.md
Fully synced
Disconnected from server
File created (/home/mdi/Documents/Obsidian Vault/Dailies/7-7-26.md)
Starting sync:
  Vault: milians vault (d31abffc0fa4b512253e3c061332dd9e)
  Location: /home/mdi/Documents/Obsidian Vault
  Sync mode: bidirectional
  Conflict strategy: merge
  Device name: mdiserver (Linux)
  Config directory: .obsidian
  File types: image, audio, pdf, video
  Configs: none (config syncing disabled)
Connecting...
Connection successful. Detecting changes...
Push: 7-5-26.md (deleted)
Push: Dailies/7-5-26.md (updated)
Downloading Dailies/7-5-26.md
Push: morning routine.md (updated)
Push: Dailies/7-6-26.md (updated)
Push: Things I Want.md (updated)
Downloaded Dailies/7-5-26.md
Accepted Dailies/7-5-26.md
Downloading morning routine.md
Downloaded morning routine.md
Accepted morning routine.md
Downloading Dailies/7-6-26.md
Downloaded Dailies/7-6-26.md
Accepted Dailies/7-6-26.md
Downloading Things I Want.md
Downloaded Things I Want.md
Accepted Things I Want.md
New file Dailies/7-7-26.md
Uploading file Dailies/7-7-26.md
Upload complete Dailies/7-7-26.md
Fully synced
Disconnected from server
File created (/home/mdi/Documents/Obsidian Vault/Dailies/7-8-26.md)
Starting sync:
  Vault: milians vault (d31abffc0fa4b512253e3c061332dd9e)
  Location: /home/mdi/Documents/Obsidian Vault
  Sync mode: bidirectional
  Conflict strategy: merge
  Device name: mdiserver (Linux)
  Config directory: .obsidian
  File types: image, audio, pdf, video
  Configs: none (config syncing disabled)
Connecting...
Connection successful. Detecting changes...
Push: Things I Want.md (updated)
Downloading Things I Want.md
Push: things to move forward.md (updated)
Push: Dailies/7-7-26.md (updated)
Downloaded Things I Want.md
Accepted Things I Want.md
Downloading things to move forward.md
Downloaded things to move forward.md
Accepted things to move forward.md
Downloading Dailies/7-7-26.md
Downloaded Dailies/7-7-26.md
Accepted Dailies/7-7-26.md
New file Dailies/7-8-26.md
Uploading file Dailies/7-8-26.md
Upload complete Dailies/7-8-26.md
Fully synced
Disconnected from server
File created (/home/mdi/Documents/Obsidian Vault/Dailies/7-9-26.md)
Starting sync:
  Vault: milians vault (d31abffc0fa4b512253e3c061332dd9e)
  Location: /home/mdi/Documents/Obsidian Vault
  Sync mode: bidirectional
  Conflict strategy: merge
  Device name: mdiserver (Linux)
  Config directory: .obsidian
  File types: image, audio, pdf, video
  Configs: none (config syncing disabled)
Connecting...
Connection successful. Detecting changes...
Push: Dailies/7-7-26.md (updated)
Downloading Dailies/7-7-26.md
Push: Things to meditate on.md (deleted)
Push: Lists/Things to meditate on.md (updated)
Push: Dailies/6-8-26.md (updated)
Push: Dailies/7-8-26.md (updated)
Downloaded Dailies/7-7-26.md
Accepted Dailies/7-7-26.md
Downloading Lists/Things to meditate on.md
Downloaded Lists/Things to meditate on.md
Accepted Lists/Things to meditate on.md
Downloading Dailies/6-8-26.md
Downloaded Dailies/6-8-26.md
Accepted Dailies/6-8-26.md
Downloading Dailies/7-8-26.md
Downloaded Dailies/7-8-26.md
Accepted Dailies/7-8-26.md
New file Dailies/7-9-26.md
Uploading file Dailies/7-9-26.md
Upload complete Dailies/7-9-26.md
Fully synced
Disconnected from server
File created (/home/mdi/Documents/Obsidian Vault/Dailies/7-10-26.md)
Starting sync:
  Vault: milians vault (d31abffc0fa4b512253e3c061332dd9e)
  Location: /home/mdi/Documents/Obsidian Vault
  Sync mode: bidirectional
  Conflict strategy: merge
  Device name: mdiserver (Linux)
  Config directory: .obsidian
  File types: image, audio, pdf, video
  Configs: none (config syncing disabled)
Connecting...
Connection successful. Detecting changes...
Push: Dailies/7-9-26.md (updated)
Downloading Dailies/7-9-26.md
Push: Nightly Routine.md (updated)
Push: morning routine.md (updated)
Push: Project Ideas.md (updated)
Push: Piper TTS.md (updated)
Push: Audio-Based Operating System.md (updated)
Downloaded Dailies/7-9-26.md
Accepted Dailies/7-9-26.md
Downloading Nightly Routine.md
Downloaded Nightly Routine.md
Accepted Nightly Routine.md
Downloading morning routine.md
Downloaded morning routine.md
Accepted morning routine.md
Downloading Project Ideas.md
Downloaded Project Ideas.md
Accepted Project Ideas.md
Downloading Piper TTS.md
Downloaded Piper TTS.md
Accepted Piper TTS.md
Downloading Audio-Based Operating System.md
Downloaded Audio-Based Operating System.md
Accepted Audio-Based Operating System.md
New file Dailies/7-10-26.md
Uploading file Dailies/7-10-26.md
Upload complete Dailies/7-10-26.md
Fully synced
Disconnected from server
File created (/home/mdi/Documents/Obsidian Vault/Dailies/7-11-26.md)
Starting sync:
  Vault: milians vault (d31abffc0fa4b512253e3c061332dd9e)
  Location: /home/mdi/Documents/Obsidian Vault
  Sync mode: bidirectional
  Conflict strategy: merge
  Device name: mdiserver (Linux)
  Config directory: .obsidian
  File types: image, audio, pdf, video
  Configs: none (config syncing disabled)
Connecting...
Connection successful. Detecting changes...
Push: Dailies/7-10-26.md (updated)
Downloading Dailies/7-10-26.md
Downloaded Dailies/7-10-26.md
Accepted Dailies/7-10-26.md
New file Dailies/7-11-26.md
Uploading file Dailies/7-11-26.md
Upload complete Dailies/7-11-26.md
Fully synced
Disconnected from server
File created (/home/mdi/Documents/Obsidian Vault/Dailies/7-12-26.md)
Starting sync:
  Vault: milians vault (d31abffc0fa4b512253e3c061332dd9e)
  Location: /home/mdi/Documents/Obsidian Vault
  Sync mode: bidirectional
  Conflict strategy: merge
  Device name: mdiserver (Linux)
  Config directory: .obsidian
  File types: image, audio, pdf, video
  Configs: none (config syncing disabled)
Connecting...
Connection successful. Detecting changes...
Push: morning routine.md (updated)
Downloading morning routine.md
Push: Want to Read.md (deleted)
Push: Lists/Media List.md (updated)
Push: Most Common Tagalog Words.md (updated)
Push: Dailies/7-11-26.md (updated)
Downloaded morning routine.md
Accepted morning routine.md
Downloading Lists/Media List.md
Downloaded Lists/Media List.md
Accepted Lists/Media List.md
Downloading Most Common Tagalog Words.md
Downloaded Most Common Tagalog Words.md
Accepted Most Common Tagalog Words.md
Downloading Dailies/7-11-26.md
Downloaded Dailies/7-11-26.md
Accepted Dailies/7-11-26.md
New file Dailies/7-12-26.md
Uploading file Dailies/7-12-26.md
Upload complete Dailies/7-12-26.md
Fully synced
Disconnected from server
File created (/home/mdi/Documents/Obsidian Vault/Dailies/7-13-26.md)
Starting sync:
  Vault: milians vault (d31abffc0fa4b512253e3c061332dd9e)
  Location: /home/mdi/Documents/Obsidian Vault
  Sync mode: bidirectional
  Conflict strategy: merge
  Device name: mdiserver (Linux)
  Config directory: .obsidian
  File types: image, audio, pdf, video
  Configs: none (config syncing disabled)
Connecting...
Connection successful. Detecting changes...
Push: Most Common Tagalog Words.md (updated)
Downloading Most Common Tagalog Words.md
Push: Dailies/7-10-26.md (updated)
Push: Dailies/7-11-26.md (updated)
Push: Nightly Routine.md (updated)
Push: morning routine.md (updated)
Push: Dailies/7-12-26.md (updated)
Push: Dailies/7-9-26.md (updated)
Downloaded Most Common Tagalog Words.md
Accepted Most Common Tagalog Words.md
Downloading Dailies/7-10-26.md
Downloaded Dailies/7-10-26.md
Accepted Dailies/7-10-26.md
Downloading Dailies/7-11-26.md
Downloaded Dailies/7-11-26.md
Accepted Dailies/7-11-26.md
Downloading Nightly Routine.md
Downloaded Nightly Routine.md
Accepted Nightly Routine.md
Downloading morning routine.md
Downloaded morning routine.md
Accepted morning routine.md
Downloading Dailies/7-12-26.md
Downloaded Dailies/7-12-26.md
Accepted Dailies/7-12-26.md
Downloading Dailies/7-9-26.md
Downloaded Dailies/7-9-26.md
Accepted Dailies/7-9-26.md
New file Dailies/7-13-26.md
Uploading file Dailies/7-13-26.md
Upload complete Dailies/7-13-26.md
Fully synced
Disconnected from server
File created (/home/mdi/Documents/Obsidian Vault/Dailies/7-14-26.md)
Starting sync:
  Vault: milians vault (d31abffc0fa4b512253e3c061332dd9e)
  Location: /home/mdi/Documents/Obsidian Vault
  Sync mode: bidirectional
  Conflict strategy: merge
  Device name: mdiserver (Linux)
  Config directory: .obsidian
  File types: image, audio, pdf, video
  Configs: none (config syncing disabled)
Connecting...
Connection successful. Detecting changes...
Push: Dailies/7-13-26.md (updated)
Downloading Dailies/7-13-26.md
Downloaded Dailies/7-13-26.md
Accepted Dailies/7-13-26.md
New file Dailies/7-14-26.md
Uploading file Dailies/7-14-26.md
Upload complete Dailies/7-14-26.md
Fully synced
Disconnected from server
File created (/home/mdi/Documents/Obsidian Vault/Dailies/7-15-26.md)
Starting sync:
  Vault: milians vault (d31abffc0fa4b512253e3c061332dd9e)
  Location: /home/mdi/Documents/Obsidian Vault
  Sync mode: bidirectional
  Conflict strategy: merge
  Device name: mdiserver (Linux)
  Config directory: .obsidian
  File types: image, audio, pdf, video
  Configs: none (config syncing disabled)
Connecting...
Connection successful. Detecting changes...
New file Dailies/7-15-26.md
Uploading file Dailies/7-15-26.md
Upload complete Dailies/7-15-26.md
Fully synced
Disconnected from server
File created (/home/mdi/Documents/Obsidian Vault/Dailies/7-16-26.md)
Starting sync:
  Vault: milians vault (d31abffc0fa4b512253e3c061332dd9e)
  Location: /home/mdi/Documents/Obsidian Vault
  Sync mode: bidirectional
  Conflict strategy: merge
  Device name: mdiserver (Linux)
  Config directory: .obsidian
  File types: image, audio, pdf, video
  Configs: none (config syncing disabled)
Connecting...
Connection successful. Detecting changes...
Push: Dailies/7-15-26.md (updated)
Downloading Dailies/7-15-26.md
Downloaded Dailies/7-15-26.md
Accepted Dailies/7-15-26.md
New file Dailies/7-16-26.md
Uploading file Dailies/7-16-26.md
Upload complete Dailies/7-16-26.md
Fully synced
Disconnected from server
File created (/home/mdi/Documents/Obsidian Vault/Dailies/7-17-26.md)
Starting sync:
  Vault: milians vault (d31abffc0fa4b512253e3c061332dd9e)
  Location: /home/mdi/Documents/Obsidian Vault
  Sync mode: bidirectional
  Conflict strategy: merge
  Device name: mdiserver (Linux)
  Config directory: .obsidian
  File types: image, audio, pdf, video
  Configs: none (config syncing disabled)
Connecting...
Connection successful. Detecting changes...
Push: Dailies/7-15-26.md (updated)
Downloading Dailies/7-15-26.md
Push: Dailies/7-16-26.md (updated)
Downloaded Dailies/7-15-26.md
Accepted Dailies/7-15-26.md
Downloading Dailies/7-16-26.md
Downloaded Dailies/7-16-26.md
Accepted Dailies/7-16-26.md
New file Dailies/7-17-26.md
Uploading file Dailies/7-17-26.md
Upload complete Dailies/7-17-26.md
Fully synced
Disconnected from server
File created (/home/mdi/Documents/Obsidian Vault/Dailies/7-18-26.md)
Starting sync:
  Vault: milians vault (d31abffc0fa4b512253e3c061332dd9e)
  Location: /home/mdi/Documents/Obsidian Vault
  Sync mode: bidirectional
  Conflict strategy: merge
  Device name: mdiserver (Linux)
  Config directory: .obsidian
  File types: image, audio, pdf, video
  Configs: none (config syncing disabled)
Connecting...
Connection successful. Detecting changes...
Push: morning routine.md (updated)
Downloading morning routine.md
Push: Things I Want.md (updated)
Push: Dailies/7-17-26.md (updated)
Downloaded morning routine.md
Accepted morning routine.md
Downloading Things I Want.md
Downloaded Things I Want.md
Accepted Things I Want.md
Downloading Dailies/7-17-26.md
Downloaded Dailies/7-17-26.md
Accepted Dailies/7-17-26.md
New file Dailies/7-18-26.md
Uploading file Dailies/7-18-26.md
Upload complete Dailies/7-18-26.md
Fully synced
Disconnected from server
File created (/home/mdi/Documents/Obsidian Vault/Dailies/7-19-26.md)
Starting sync:
  Vault: milians vault (d31abffc0fa4b512253e3c061332dd9e)
  Location: /home/mdi/Documents/Obsidian Vault
  Sync mode: bidirectional
  Conflict strategy: merge
  Device name: mdiserver (Linux)
  Config directory: .obsidian
  File types: image, audio, pdf, video
  Configs: none (config syncing disabled)
Connecting...
Connection successful. Detecting changes...
Push: Things I Want.md (updated)
Downloading Things I Want.md
Downloaded Things I Want.md
Accepted Things I Want.md
New file Dailies/7-19-26.md
Uploading file Dailies/7-19-26.md
Upload complete Dailies/7-19-26.md
Fully synced
Disconnected from server
File created (/home/mdi/Documents/Obsidian Vault/Dailies/7-20-26.md)
Starting sync:
  Vault: milians vault (d31abffc0fa4b512253e3c061332dd9e)
  Location: /home/mdi/Documents/Obsidian Vault
  Sync mode: bidirectional
  Conflict strategy: merge
  Device name: mdiserver (Linux)
  Config directory: .obsidian
  File types: image, audio, pdf, video
  Configs: none (config syncing disabled)
Connecting...
Connection successful. Detecting changes...
Push: things to move forward.md (updated)
Downloading things to move forward.md
Push: Katabasis.md (updated)
Push: Dailies/7-19-26.md (updated)
Downloaded things to move forward.md
Accepted things to move forward.md
Downloading Katabasis.md
Downloaded Katabasis.md
Accepted Katabasis.md
Downloading Dailies/7-19-26.md
Downloaded Dailies/7-19-26.md
Accepted Dailies/7-19-26.md
New file Dailies/7-20-26.md
Uploading file Dailies/7-20-26.md
Upload complete Dailies/7-20-26.md
Fully synced
Disconnected from server
File created (/home/mdi/Documents/Obsidian Vault/Dailies/7-21-26.md)
Starting sync:
  Vault: milians vault (d31abffc0fa4b512253e3c061332dd9e)
  Location: /home/mdi/Documents/Obsidian Vault
  Sync mode: bidirectional
  Conflict strategy: merge
  Device name: mdiserver (Linux)
  Config directory: .obsidian
  File types: image, audio, pdf, video
  Configs: none (config syncing disabled)
Connecting...
Connection successful. Detecting changes...
Push: Dailies/7-20-26.md (updated)
Downloading Dailies/7-20-26.md
Downloaded Dailies/7-20-26.md
Accepted Dailies/7-20-26.md
New file Dailies/7-21-26.md
Uploading file Dailies/7-21-26.md
Upload complete Dailies/7-21-26.md
Fully synced
Disconnected from server
File created (/home/mdi/Documents/Obsidian Vault/Dailies/7-22-26.md)
Starting sync:
  Vault: milians vault (d31abffc0fa4b512253e3c061332dd9e)
  Location: /home/mdi/Documents/Obsidian Vault
  Sync mode: bidirectional
  Conflict strategy: merge
  Device name: mdiserver (Linux)
  Config directory: .obsidian
  File types: image, audio, pdf, video
  Configs: none (config syncing disabled)
Connecting...
Connection successful. Detecting changes...
Push: Project Ideas.md (updated)
Downloading Project Ideas.md
Push: Better Stylus Typing.md (updated)
Push: Things I Want.md (updated)
Push: Dailies/7-21-26.md (updated)
Push: morning routine.md (updated)
Push: things to move forward.md (updated)
Downloaded Project Ideas.md
Accepted Project Ideas.md
Downloading Better Stylus Typing.md
Downloaded Better Stylus Typing.md
Accepted Better Stylus Typing.md
Downloading Things I Want.md
Downloaded Things I Want.md
Accepted Things I Want.md
Downloading Dailies/7-21-26.md
Downloaded Dailies/7-21-26.md
Accepted Dailies/7-21-26.md
Downloading morning routine.md
Downloaded morning routine.md
Accepted morning routine.md
Downloading things to move forward.md
Downloaded things to move forward.md
Accepted things to move forward.md
New file Dailies/7-22-26.md
Uploading file Dailies/7-22-26.md
Upload complete Dailies/7-22-26.md
Fully synced
Disconnected from server
File created (/home/mdi/Documents/Obsidian Vault/Dailies/7-23-26.md)
Starting sync:
  Vault: milians vault (d31abffc0fa4b512253e3c061332dd9e)
  Location: /home/mdi/Documents/Obsidian Vault
  Sync mode: bidirectional
  Conflict strategy: merge
  Device name: mdiserver (Linux)
  Config directory: .obsidian
  File types: image, audio, pdf, video
  Configs: none (config syncing disabled)
Connecting...
Connection successful. Detecting changes...
Push: Dailies/7-21-26.md (updated)
Downloading Dailies/7-21-26.md
Push: morning routine.md (updated)
Push: things to move forward.md (updated)
Push: Katabasis.md (updated)
Push: Apartment Moving Out Checklist.md (updated)
Push: Dailies/7-22-26.md (updated)
Downloaded Dailies/7-21-26.md
Accepted Dailies/7-21-26.md
Downloading morning routine.md
Downloaded morning routine.md
Accepted morning routine.md
Downloading things to move forward.md
Downloaded things to move forward.md
Accepted things to move forward.md
Downloading Katabasis.md
Downloaded Katabasis.md
Accepted Katabasis.md
Downloading Apartment Moving Out Checklist.md
Downloaded Apartment Moving Out Checklist.md
Accepted Apartment Moving Out Checklist.md
Downloading Dailies/7-22-26.md
Downloaded Dailies/7-22-26.md
Accepted Dailies/7-22-26.md
New file Dailies/7-23-26.md
Uploading file Dailies/7-23-26.md
Upload complete Dailies/7-23-26.md
Fully synced
Disconnected from server
File created (/home/mdi/Documents/Obsidian Vault/Dailies/7-24-26.md)
Starting sync:
  Vault: milians vault (d31abffc0fa4b512253e3c061332dd9e)
  Location: /home/mdi/Documents/Obsidian Vault
  Sync mode: bidirectional
  Conflict strategy: merge
  Device name: mdiserver (Linux)
  Config directory: .obsidian
  File types: image, audio, pdf, video
  Configs: none (config syncing disabled)
Connecting...
Connection successful. Detecting changes...
Push: Dailies/7-23-26.md (updated)
Downloading Dailies/7-23-26.md
Push: Things I Want.md (updated)
Downloaded Dailies/7-23-26.md
Accepted Dailies/7-23-26.md
Downloading Things I Want.md
Downloaded Things I Want.md
Accepted Things I Want.md
New file Dailies/7-24-26.md
Uploading file Dailies/7-24-26.md
Upload complete Dailies/7-24-26.md
Fully synced
Disconnected from server
File created (/home/mdi/Documents/Obsidian Vault/Dailies/7-25-26.md)
Starting sync:
  Vault: milians vault (d31abffc0fa4b512253e3c061332dd9e)
  Location: /home/mdi/Documents/Obsidian Vault
  Sync mode: bidirectional
  Conflict strategy: merge
  Device name: mdiserver (Linux)
  Config directory: .obsidian
  File types: image, audio, pdf, video
  Configs: none (config syncing disabled)
Connecting...
Connection successful. Detecting changes...
Push: morning routine.md (updated)
Downloading morning routine.md
Push: Dailies/7-24-26.md (updated)
Downloaded morning routine.md
Accepted morning routine.md
Downloading Dailies/7-24-26.md
Downloaded Dailies/7-24-26.md
Accepted Dailies/7-24-26.md
New file Dailies/7-25-26.md
Uploading file Dailies/7-25-26.md
Upload complete Dailies/7-25-26.md
Fully synced
Disconnected from server
File created (/home/mdi/Documents/Obsidian Vault/Dailies/7-26-26.md)
Starting sync:
  Vault: milians vault (d31abffc0fa4b512253e3c061332dd9e)
  Location: /home/mdi/Documents/Obsidian Vault
  Sync mode: bidirectional
  Conflict strategy: merge
  Device name: mdiserver (Linux)
  Config directory: .obsidian
  File types: image, audio, pdf, video
  Configs: none (config syncing disabled)
Connecting...
Connection successful. Detecting changes...
New file Dailies/7-26-26.md
Uploading file Dailies/7-26-26.md
Upload complete Dailies/7-26-26.md
Fully synced
Disconnected from server
File created (/home/mdi/Documents/Obsidian Vault/Dailies/7-27-26.md)
Starting sync:
  Vault: milians vault (d31abffc0fa4b512253e3c061332dd9e)
  Location: /home/mdi/Documents/Obsidian Vault
  Sync mode: bidirectional
  Conflict strategy: merge
  Device name: mdiserver (Linux)
  Config directory: .obsidian
  File types: image, audio, pdf, video
  Configs: none (config syncing disabled)
Connecting...
Connection successful. Detecting changes...
Push: Dailies/7-26-26.md (updated)
Downloading Dailies/7-26-26.md
Downloaded Dailies/7-26-26.md
Accepted Dailies/7-26-26.md
New file Dailies/7-27-26.md
Uploading file Dailies/7-27-26.md
Upload complete Dailies/7-27-26.md
Fully synced
Disconnected from server
File created (/home/mdi/Documents/Obsidian Vault/Dailies/7-28-26.md)
Starting sync:
  Vault: milians vault (d31abffc0fa4b512253e3c061332dd9e)
  Location: /home/mdi/Documents/Obsidian Vault
  Sync mode: bidirectional
  Conflict strategy: merge
  Device name: mdiserver (Linux)
  Config directory: .obsidian
  File types: image, audio, pdf, video
  Configs: none (config syncing disabled)
Connecting...
Connection successful. Detecting changes...
Push: Dailies/7-26-26.md (updated)
Downloading Dailies/7-26-26.md
Push: morning routine.md (updated)
Push: Dailies/7-27-26.md (updated)
Push: Things I Want.md (updated)
Push: Magic Mirror/MMHTTP Server.md (updated)
Push: 6-22-26.md (updated)
Push: HTTP Methods.md (updated)
Push: cpp-httplib.md (updated)
Downloaded Dailies/7-26-26.md
Accepted Dailies/7-26-26.md
Downloading morning routine.md
Downloaded morning routine.md
Accepted morning routine.md
Downloading Dailies/7-27-26.md
Downloaded Dailies/7-27-26.md
Accepted Dailies/7-27-26.md
Downloading Things I Want.md
Downloaded Things I Want.md
Accepted Things I Want.md
Downloading Magic Mirror/MMHTTP Server.md
Downloaded Magic Mirror/MMHTTP Server.md
Accepted Magic Mirror/MMHTTP Server.md
Downloading 6-22-26.md
Downloaded 6-22-26.md
Accepted 6-22-26.md
Downloading HTTP Methods.md
Downloaded HTTP Methods.md
Accepted HTTP Methods.md
Downloading cpp-httplib.md
Downloaded cpp-httplib.md
Accepted cpp-httplib.md
New file Dailies/7-28-26.md
Uploading file Dailies/7-28-26.md
Upload complete Dailies/7-28-26.md
Fully synced
Disconnected from server
File created (/home/mdi/Documents/Obsidian Vault/Dailies/7-29-26.md)
Starting sync:
  Vault: milians vault (d31abffc0fa4b512253e3c061332dd9e)
  Location: /home/mdi/Documents/Obsidian Vault
  Sync mode: bidirectional
  Conflict strategy: merge
  Device name: mdiserver (Linux)
  Config directory: .obsidian
  File types: image, audio, pdf, video
  Configs: none (config syncing disabled)
Connecting...
Connection successful. Detecting changes...
Push: .obsidian/appearance.json (updated)
Push: morning routine.md (updated)
Downloading morning routine.md
Push: Things I Want.md (updated)
Push: Dailies/7-28-26.md (updated)
Downloaded morning routine.md
Accepted morning routine.md
Downloading Things I Want.md
Downloaded Things I Want.md
Accepted Things I Want.md
Downloading Dailies/7-28-26.md
Downloaded Dailies/7-28-26.md
Accepted Dailies/7-28-26.md
New file Dailies/7-29-26.md
Uploading file Dailies/7-29-26.md
Upload complete Dailies/7-29-26.md
Fully synced
Disconnected from server
File created (/home/mdi/Documents/Obsidian Vault/Dailies/7-30-26.md)
Starting sync:
  Vault: milians vault (d31abffc0fa4b512253e3c061332dd9e)
  Location: /home/mdi/Documents/Obsidian Vault
  Sync mode: bidirectional
  Conflict strategy: merge
  Device name: mdiserver (Linux)
  Config directory: .obsidian
  File types: image, audio, pdf, video
  Configs: none (config syncing disabled)
Connecting...
Connection successful. Detecting changes...
Push: Dailies/7-28-26.md (updated)
Downloading Dailies/7-28-26.md
Push: Workout A.md (updated)
Push: morning routine.md (updated)
Push: things to move forward.md (updated)
Push: Dailies/7-29-26.md (updated)
Downloaded Dailies/7-28-26.md
Accepted Dailies/7-28-26.md
Downloading Workout A.md
Downloaded Workout A.md
Accepted Workout A.md
Downloading morning routine.md
Downloaded morning routine.md
Accepted morning routine.md
Downloading things to move forward.md
Downloaded things to move forward.md
Accepted things to move forward.md
Downloading Dailies/7-29-26.md
Downloaded Dailies/7-29-26.md
Accepted Dailies/7-29-26.md
New file Dailies/7-30-26.md
Uploading file Dailies/7-30-26.md
Upload complete Dailies/7-30-26.md
Fully synced
Disconnected from server
File created (/home/mdi/Documents/Obsidian Vault/Dailies/7-31-26.md)
Starting sync:
  Vault: milians vault (d31abffc0fa4b512253e3c061332dd9e)
  Location: /home/mdi/Documents/Obsidian Vault
  Sync mode: bidirectional
  Conflict strategy: merge
  Device name: mdiserver (Linux)
  Config directory: .obsidian
  File types: image, audio, pdf, video
  Configs: none (config syncing disabled)
Connecting...
Connection successful. Detecting changes...
Push: morning routine.md (updated)
Downloading morning routine.md
Downloaded morning routine.md
Accepted morning routine.md
New file Dailies/7-31-26.md
Uploading file Dailies/7-31-26.md
Upload complete Dailies/7-31-26.md
Fully synced
Disconnected from server
File created (/home/mdi/Documents/Obsidian Vault/Dailies/8-1-26.md)
Starting sync:
  Vault: milians vault (d31abffc0fa4b512253e3c061332dd9e)
  Location: /home/mdi/Documents/Obsidian Vault
  Sync mode: bidirectional
  Conflict strategy: merge
  Device name: mdiserver (Linux)
  Config directory: .obsidian
  File types: image, audio, pdf, video
  Configs: none (config syncing disabled)
Connecting...
Connection successful. Detecting changes...
New file Dailies/8-1-26.md
Uploading file Dailies/8-1-26.md
Upload complete Dailies/8-1-26.md
Fully synced
Disconnected from server
File created (/home/mdi/Documents/Obsidian Vault/Dailies/8-2-26.md)
Starting sync:
  Vault: milians vault (d31abffc0fa4b512253e3c061332dd9e)
  Location: /home/mdi/Documents/Obsidian Vault
  Sync mode: bidirectional
  Conflict strategy: merge
  Device name: mdiserver (Linux)
  Config directory: .obsidian
  File types: image, audio, pdf, video
  Configs: none (config syncing disabled)
Connecting...
Connection successful. Detecting changes...
New file Dailies/8-2-26.md
Uploading file Dailies/8-2-26.md
Upload complete Dailies/8-2-26.md
Fully synced
Disconnected from server
File created (/home/mdi/Documents/Obsidian Vault/Dailies/8-3-26.md)
Starting sync:
  Vault: milians vault (d31abffc0fa4b512253e3c061332dd9e)
  Location: /home/mdi/Documents/Obsidian Vault
  Sync mode: bidirectional
  Conflict strategy: merge
  Device name: mdiserver (Linux)
  Config directory: .obsidian
  File types: image, audio, pdf, video
  Configs: none (config syncing disabled)
Connecting...
Connection successful. Detecting changes...
Push: Dailies/8-2-26.md (updated)
Downloading Dailies/8-2-26.md
Push: morning routine.md (updated)
Downloaded Dailies/8-2-26.md
Accepted Dailies/8-2-26.md
Downloading morning routine.md
Downloaded morning routine.md
Accepted morning routine.md
New file Dailies/8-3-26.md
Uploading file Dailies/8-3-26.md
Upload complete Dailies/8-3-26.md
Fully synced
Disconnected from server
File created (/home/mdi/Documents/Obsidian Vault/Dailies/8-4-26.md)
Starting sync:
  Vault: milians vault (d31abffc0fa4b512253e3c061332dd9e)
  Location: /home/mdi/Documents/Obsidian Vault
  Sync mode: bidirectional
  Conflict strategy: merge
  Device name: mdiserver (Linux)
  Config directory: .obsidian
  File types: image, audio, pdf, video
  Configs: none (config syncing disabled)
Connecting...
Connection successful. Detecting changes...
New file Dailies/8-4-26.md
Uploading file Dailies/8-4-26.md
Upload complete Dailies/8-4-26.md
Fully synced
Disconnected from server
File created (/home/mdi/Documents/Obsidian Vault/Dailies/8-5-26.md)
Starting sync:
  Vault: milians vault (d31abffc0fa4b512253e3c061332dd9e)
  Location: /home/mdi/Documents/Obsidian Vault
  Sync mode: bidirectional
  Conflict strategy: merge
  Device name: mdiserver (Linux)
  Config directory: .obsidian
  File types: image, audio, pdf, video
  Configs: none (config syncing disabled)
Connecting...
Connection successful. Detecting changes...
New file Dailies/8-5-26.md
Uploading file Dailies/8-5-26.md
Upload complete Dailies/8-5-26.md
Fully synced
Disconnected from server
File created (/home/mdi/Documents/Obsidian Vault/Dailies/8-6-26.md)
Starting sync:
  Vault: milians vault (d31abffc0fa4b512253e3c061332dd9e)
  Location: /home/mdi/Documents/Obsidian Vault
  Sync mode: bidirectional
  Conflict strategy: merge
  Device name: mdiserver (Linux)
  Config directory: .obsidian
  File types: image, audio, pdf, video
  Configs: none (config syncing disabled)
Connecting...
Connection successful. Detecting changes...
New file Dailies/8-6-26.md
Uploading file Dailies/8-6-26.md
Upload complete Dailies/8-6-26.md
Fully synced
Disconnected from server
File created (/home/mdi/Documents/Obsidian Vault/Dailies/8-7-26.md)
Starting sync:
  Vault: milians vault (d31abffc0fa4b512253e3c061332dd9e)
  Location: /home/mdi/Documents/Obsidian Vault
  Sync mode: bidirectional
  Conflict strategy: merge
  Device name: mdiserver (Linux)
  Config directory: .obsidian
  File types: image, audio, pdf, video
  Configs: none (config syncing disabled)
Connecting...
Connection successful. Detecting changes...
Push: Dailies/8-2-26.md (updated)
Downloading Dailies/8-2-26.md
Push: Dailies/8-6-26.md (updated)
Downloaded Dailies/8-2-26.md
Accepted Dailies/8-2-26.md
Downloading Dailies/8-6-26.md
Downloaded Dailies/8-6-26.md
Accepted Dailies/8-6-26.md
New file Dailies/8-7-26.md
Uploading file Dailies/8-7-26.md
Upload complete Dailies/8-7-26.md
Fully synced
Disconnected from server
File created (/home/mdi/Documents/Obsidian Vault/Dailies/8-8-26.md)
Starting sync:
  Vault: milians vault (d31abffc0fa4b512253e3c061332dd9e)
  Location: /home/mdi/Documents/Obsidian Vault
  Sync mode: bidirectional
  Conflict strategy: merge
  Device name: mdiserver (Linux)
  Config directory: .obsidian
  File types: image, audio, pdf, video
  Configs: none (config syncing disabled)
Connecting...
Connection successful. Detecting changes...
New file Dailies/8-8-26.md
Uploading file Dailies/8-8-26.md
Upload complete Dailies/8-8-26.md
Fully synced
Disconnected from server
File created (/home/mdi/Documents/Obsidian Vault/Dailies/8-9-26.md)
Starting sync:
  Vault: milians vault (d31abffc0fa4b512253e3c061332dd9e)
  Location: /home/mdi/Documents/Obsidian Vault
  Sync mode: bidirectional
  Conflict strategy: merge
  Device name: mdiserver (Linux)
  Config directory: .obsidian
  File types: image, audio, pdf, video
  Configs: none (config syncing disabled)
Connecting...
Connection successful. Detecting changes...
New file Dailies/8-9-26.md
Uploading file Dailies/8-9-26.md
Upload complete Dailies/8-9-26.md
Fully synced
Disconnected from server
File created (/home/mdi/Documents/Obsidian Vault/Dailies/8-10-26.md)
Starting sync:
  Vault: milians vault (d31abffc0fa4b512253e3c061332dd9e)
  Location: /home/mdi/Documents/Obsidian Vault
  Sync mode: bidirectional
  Conflict strategy: merge
  Device name: mdiserver (Linux)
  Config directory: .obsidian
  File types: image, audio, pdf, video
  Configs: none (config syncing disabled)
Connecting...
Connection successful. Detecting changes...
New file Dailies/8-10-26.md
Uploading file Dailies/8-10-26.md
Upload complete Dailies/8-10-26.md
Fully synced
Disconnected from server
File created (/home/mdi/Documents/Obsidian Vault/Dailies/8-11-26.md)
Starting sync:
  Vault: milians vault (d31abffc0fa4b512253e3c061332dd9e)
  Location: /home/mdi/Documents/Obsidian Vault
  Sync mode: bidirectional
  Conflict strategy: merge
  Device name: mdiserver (Linux)
  Config directory: .obsidian
  File types: image, audio, pdf, video
  Configs: none (config syncing disabled)
Connecting...
Connection successful. Detecting changes...
Push: Dailies/8-10-26.md (updated)
Downloading Dailies/8-10-26.md
Downloaded Dailies/8-10-26.md
Accepted Dailies/8-10-26.md
New file Dailies/8-11-26.md
Uploading file Dailies/8-11-26.md
Upload complete Dailies/8-11-26.md
Fully synced
Disconnected from server
File created (/home/mdi/Documents/Obsidian Vault/Dailies/8-12-26.md)
Starting sync:
  Vault: milians vault (d31abffc0fa4b512253e3c061332dd9e)
  Location: /home/mdi/Documents/Obsidian Vault
  Sync mode: bidirectional
  Conflict strategy: merge
  Device name: mdiserver (Linux)
  Config directory: .obsidian
  File types: image, audio, pdf, video
  Configs: none (config syncing disabled)
Connecting...
Connection successful. Detecting changes...
New file Dailies/8-12-26.md
Uploading file Dailies/8-12-26.md
Upload complete Dailies/8-12-26.md
Fully synced
Disconnected from server
File created (/home/mdi/Documents/Obsidian Vault/Dailies/8-13-26.md)
Starting sync:
  Vault: milians vault (d31abffc0fa4b512253e3c061332dd9e)
  Location: /home/mdi/Documents/Obsidian Vault
  Sync mode: bidirectional
  Conflict strategy: merge
  Device name: mdiserver (Linux)
  Config directory: .obsidian
  File types: image, audio, pdf, video
  Configs: none (config syncing disabled)
Connecting...
Connection successful. Detecting changes...
New file Dailies/8-13-26.md
Uploading file Dailies/8-13-26.md
Upload complete Dailies/8-13-26.md
Fully synced
Disconnected from server
File created (/home/mdi/Documents/Obsidian Vault/Dailies/8-14-26.md)
Starting sync:
  Vault: milians vault (d31abffc0fa4b512253e3c061332dd9e)
  Location: /home/mdi/Documents/Obsidian Vault
  Sync mode: bidirectional
  Conflict strategy: merge
  Device name: mdiserver (Linux)
  Config directory: .obsidian
  File types: image, audio, pdf, video
  Configs: none (config syncing disabled)
Connecting...
File already exists (/home/mdi/Documents/Obsidian Vault/Dailies/8-15-26.md)
Another sync instance is already running for this vault.
File created (/home/mdi/Documents/Obsidian Vault/Dailies/8-16-26.md)
Another sync instance is already running for this vault.
File created (/home/mdi/Documents/Obsidian Vault/Dailies/8-17-26.md)
Another sync instance is already running for this vault.
File created (/home/mdi/Documents/Obsidian Vault/Dailies/8-18-26.md)
Another sync instance is already running for this vault.
File created (/home/mdi/Documents/Obsidian Vault/Dailies/8-19-26.md)
Another sync instance is already running for this vault.
File already exists (/home/mdi/Documents/Obsidian Vault/Dailies/8-20-26.md)
Another sync instance is already running for this vault.
File created (/home/mdi/Documents/Obsidian Vault/Dailies/8-21-26.md)
Another sync instance is already running for this vault.
File created (/home/mdi/Documents/Obsidian Vault/Dailies/8-22-26.md)
Another sync instance is already running for this vault.
